FC064: Ensure issues_url is set in metadata: ./metadata.rb:1
FC065: Ensure source_url is set in metadata: ./metadata.rb:1
FC066: Ensure chef_version is set in metadata: ./metadata.rb:1
FC067: Ensure at least one platform supported in metadata: ./metadata.rb:1
FC069: Ensure standardized license defined in metadata: ./metadata.rb:1
FC074: LWRP should use DSL to define resource's default action: ./resources/ebs_volume.rb:1
FC074: LWRP should use DSL to define resource's default action: ./resources/elastic_ip.rb:1
FC074: LWRP should use DSL to define resource's default action: ./resources/elastic_lb.rb:1
FC074: LWRP should use DSL to define resource's default action: ./resources/resource_tag.rb:1
FC075: Cookbook uses node.save to save partial node data to the chef-server mid-run: ./providers/ebs_volume.rb:33
FC075: Cookbook uses node.save to save partial node data to the chef-server mid-run: ./providers/ebs_volume.rb:40
FC075: Cookbook uses node.save to save partial node data to the chef-server mid-run: ./providers/ebs_volume.rb:60
FC078: Ensure cookbook shared under an OSI-approved open source license: ./metadata.rb:1
FC082: Deprecated node.set or node.set_unless used to set node attributes: ./providers/ebs_volume.rb:32
FC082: Deprecated node.set or node.set_unless used to set node attributes: ./providers/ebs_volume.rb:39
FC082: Deprecated node.set or node.set_unless used to set node attributes: ./providers/ebs_volume.rb:59
