FC059: LWRP provider does not declare use_inline_resources: ./providers/rule_ufw.rb:1
FC059: LWRP provider does not declare use_inline_resources: ./providers/ufw.rb:1
FC064: Ensure issues_url is set in metadata: ./metadata.rb:1
FC065: Ensure source_url is set in metadata: ./metadata.rb:1
FC066: Ensure chef_version is set in metadata: ./metadata.rb:1
FC067: Ensure at least one platform supported in metadata: ./metadata.rb:1
FC069: Ensure standardized license defined in metadata: ./metadata.rb:1
FC074: LWRP should use DSL to define resource's default action: ./resources/default.rb:1
FC074: LWRP should use DSL to define resource's default action: ./resources/rule.rb:1
FC078: Ensure cookbook shared under an OSI-approved open source license: ./metadata.rb:1
FC085: Resource using new_resource.updated_by_last_action to converge resource: ./providers/rule_ufw.rb:78
FC085: Resource using new_resource.updated_by_last_action to converge resource: ./providers/ufw.rb:31
FC085: Resource using new_resource.updated_by_last_action to converge resource: ./providers/ufw.rb:41
