FC014: Consider extracting long ruby_block to library: ./providers/logical_volume.rb:18
FC059: LWRP provider does not declare use_inline_resources: ./providers/logical_volume.rb:1
FC059: LWRP provider does not declare use_inline_resources: ./providers/physical_volume.rb:1
FC059: LWRP provider does not declare use_inline_resources: ./providers/volume_group.rb:1
FC064: Ensure issues_url is set in metadata: ./metadata.rb:1
FC065: Ensure source_url is set in metadata: ./metadata.rb:1
FC066: Ensure chef_version is set in metadata: ./metadata.rb:1
FC069: Ensure standardized license defined in metadata: ./metadata.rb:1
FC074: LWRP should use DSL to define resource's default action: ./resources/logical_volume.rb:1
FC074: LWRP should use DSL to define resource's default action: ./resources/physical_volume.rb:1
FC074: LWRP should use DSL to define resource's default action: ./resources/volume_group.rb:1
FC078: Ensure cookbook shared under an OSI-approved open source license: ./metadata.rb:1
FC085: Resource using new_resource.updated_by_last_action to converge resource: ./providers/logical_volume.rb:46
FC085: Resource using new_resource.updated_by_last_action to converge resource: ./providers/volume_group.rb:22
FC085: Resource using new_resource.updated_by_last_action to converge resource: ./providers/volume_group.rb:50
FC098: Deprecated Chef::Mixin::RecipeDefinitionDSLCore mixin used: ./resources/volume_group.rb:1
FC104: Use the :run action in ruby_block instead of :create: ./providers/volume_group.rb:38
