FC011: Missing README in markdown format: examples/README.md:1
FC031: Cookbook without metadata.rb file: examples/metadata.rb:1
FC059: LWRP provider does not declare use_inline_resources: ./providers/serve.rb:1
FC064: Ensure issues_url is set in metadata: ./metadata.rb:1
FC065: Ensure source_url is set in metadata: ./metadata.rb:1
FC066: Ensure chef_version is set in metadata: ./metadata.rb:1
FC069: Ensure standardized license defined in metadata: ./metadata.rb:1
FC071: Missing LICENSE file: examples/LICENSE:1
FC078: Ensure cookbook shared under an OSI-approved open source license: ./metadata.rb:1
FC085: Resource using new_resource.updated_by_last_action to converge resource: ./providers/serve.rb:62
