FC004: Use a service resource to start and stop services: ./recipes/default.rb:24
FC069: Ensure standardized license defined in metadata: ./metadata.rb:1
FC078: Ensure cookbook shared under an OSI-approved open source license: ./metadata.rb:1
FC113: Resource declares deprecated use_inline_resources: ./libraries/provider_runit_service.rb:42
