FC059: LWRP provider does not declare use_inline_resources: ./providers/default.rb:1
FC064: Ensure issues_url is set in metadata: ./metadata.rb:1
FC065: Ensure source_url is set in metadata: ./metadata.rb:1
FC066: Ensure chef_version is set in metadata: ./metadata.rb:1
FC069: Ensure standardized license defined in metadata: ./metadata.rb:1
FC072: Metadata should not contain "attribute" keyword: ./metadata.rb:1
FC074: LWRP should use DSL to define resource's default action: ./resources/default.rb:1
FC078: Ensure cookbook shared under an OSI-approved open source license: ./metadata.rb:1
FC085: Resource using new_resource.updated_by_last_action to converge resource: ./providers/default.rb:98
FC085: Resource using new_resource.updated_by_last_action to converge resource: ./providers/default.rb:112
FC089: Prefer Mixlib::Shellout over deprecated Chef::ShellOut: ./providers/default.rb:46
